// Jest Snapshot v1, https://goo.gl/fbAQLP

exports[`it has expected exports 1`] = `
Array [
  "addToWebpackConfig",
]
`;
